2025-12-07 08:59:00 | WARN | repo=Ehviewer_CN_SXJ | action=commit
2025-03-05 20:35:00 | INFO | repo=Ehviewer_CN_SXJ | action=commit
2025-03-07 13:02:00 | DEBUG | repo=Ehviewer_CN_SXJ | action=commit
2025-02-08 09:14:00 | DEBUG | repo=Ehviewer_CN_SXJ | action=commit
2025-06-08 13:37:00 | INFO | repo=Ehviewer_CN_SXJ | action=commit
2025-07-28 17:27:00 | WARN | repo=Ehviewer_CN_SXJ | action=commit
2025-12-09 19:48:00 | WARN | repo=Ehviewer_CN_SXJ | action=edit | files=1
2025-07-11 18:16:00 | INFO | repo=Ehviewer_CN_SXJ | action=commit
2025-04-25 19:57:00 | WARN | repo=Ehviewer_CN_SXJ | action=edit | files=1
2025-04-19 14:13:00 | INFO | repo=Ehviewer_CN_SXJ | action=commit
2025-11-22 14:02:00 | DEBUG | repo=Ehviewer_CN_SXJ | action=commit
2025-09-27 17:21:00 | DEBUG | repo=Ehviewer_CN_SXJ | action=edit | files=3
2025-04-15 14:41:00 | WARN | repo=Ehviewer_CN_SXJ | action=commit
2025-03-20 11:29:00 | WARN | repo=Ehviewer_CN_SXJ | action=commit
2025-05-23 09:13:00 | INFO | repo=Ehviewer_CN_SXJ | action=commit
2025-02-04 18:33:00 | INFO | repo=Ehviewer_CN_SXJ | action=pull
2025-09-14 10:26:00 | DEBUG | repo=Ehviewer_CN_SXJ | action=commit
2025-01-17 19:06:00 | INFO | repo=Ehviewer_CN_SXJ | action=commit
2025-10-21 20:34:00 | WARN | repo=Ehviewer_CN_SXJ | action=commit
2025-07-19 10:14:00 | WARN | repo=Ehviewer_CN_SXJ | action=commit
2025-05-20 14:20:00 | WARN | repo=Ehviewer_CN_SXJ | action=pull
2025-04-19 19:53:00 | WARN | repo=Ehviewer_CN_SXJ | action=commit
2025-12-20 12:47:00 | DEBUG | repo=Ehviewer_CN_SXJ | action=commit
2025-11-05 18:32:00 | INFO | repo=Ehviewer_CN_SXJ | action=pull
2025-09-17 08:21:00 | DEBUG | repo=Ehviewer_CN_SXJ | action=edit | files=5
2025-06-26 15:53:00 | WARN | repo=Ehviewer_CN_SXJ | action=commit
2025-06-10 15:28:00 | DEBUG | repo=Ehviewer_CN_SXJ | action=edit | files=2
2025-02-01 10:35:00 | WARN | repo=Ehviewer_CN_SXJ | action=commit
2025-12-03 09:19:00 | INFO | repo=Ehviewer_CN_SXJ | action=commit
2025-12-20 07:50:00 | WARN | repo=Ehviewer_CN_SXJ | action=edit | files=5
2025-04-21 08:51:00 | DEBUG | repo=Ehviewer_CN_SXJ | action=test | passed=true
2025-04-28 08:40:00 | INFO | repo=Ehviewer_CN_SXJ | action=pull
2025-11-07 09:32:00 | DEBUG | repo=Ehviewer_CN_SXJ | action=commit
